// 重构日志: 9cf4fea4
// 重构日志: 5134485e
// 同步 ID: fc25620d @ Sun Jul 19 07:53:07 UTC 2026
// 重构日志: bbb3a2fd
// 重构日志: d974a36f
// 重构日志: a1d744c0
// 重构日志: 4a51a55e
// 同步 ID: 4e3f267e @ Sat Jul 25 11:15:35 UTC 2026
// 重构日志: 04af82ec
// 重构日志: 34e46b04
// 重构日志: 06d303e7
// 重构日志: 86313deb
// 重构日志: 9187213c
// 同步 ID: 15332be9 @ Wed Aug  5 17:56:13 UTC 2026
// 重构日志: 9dd0c8ba
// 同步 ID: d38d3eff @ Thu Aug  6 10:05:58 UTC 2026
// 重构日志: 999a08e5
// 重构日志: adbc5fe4
// 重构日志: dbd51e9e
// 重构日志: 05aea2e4
// 同步 ID: 61669661 @ Fri Aug  7 17:13:23 UTC 2026
// 重构日志: c88811ad
// 同步 ID: 99d70807 @ Sat Aug  8 12:36:51 UTC 2026
// 重构日志: 97648924
// 同步 ID: 678770c0 @ Sat Aug  8 16:08:44 UTC 2026
